[   0.00000]Initialzig grou sbsys cpuset
[    0.000000] Initializing cgroup subsys cpu
[    0.000000] Initializing cgroup subsys cpuacct
[    0.0000] inx version 4.4.0-127-generic (ildd@lcy01-amd64-023) (gcc version 5.4.0 20160609 (Ubuntu 5.4.0-6ubuntu1~16.04.9) ) #153-Ubuntu SMP Sa May 19 10:58:46 UTC 2018 (Ubuntu 4.4.0-127.153-generic 4.4.128)
[   0.000000] Command line: BOOT_IMAGE=/boot/vmlinuz-4.4.0-127-generic root=LABEL=cloudimg-rots ro cosoe=tty cnsole=ttyS0
[    0.000000]KERNEL supported cpus:
[    0.000000  ntel GuieIntel[   0.000]   AMD AuthenticAMD
[    0.000000]   Centaur CentaurHauls
[    0.000000] x86/fpu: xstate_offset[2]:  576, xstate_sizes[2]:  256
[    0.000000] x86/fpu: Supporting XSAVE feature 0x01: 'x87 floating point regier'
[    0.000] x86/f: upporin XAVE feaur 002: 'SEregisters'
[    0.000000] x86/fpu: Supporting XSAVE feature 0x04: 'AVX registers
   0.000000] x8/fu: Eabed xstate features x7, context sizeis 832 bytes, using 'standard' format.
[    0.000000] x86/fpu: Using 'lazy' FP ctext switchs.
[    0.000000] e820: BIOS-provide physical RAM mp:
[    0.000000] BIOS-e820: [mem 0x0000000000000000-0x000000000009fbff] usable
[    0.000000] BIOS-e820: [mem 0x000000000009fc00-0x000000000009ffff] eserved
[    0.000000] BIOS-e820: [mem 0x0000000000f00000-0x0000000000fffff resrvd
[    0.000000] BIOS-e820:[me0x000000000100000-0x000000003ffeffff]usbl
[  000000 BOS-e820: [mem 0x00000003fff0000-000000003fffffff] ACPI data
[    0.000] BIOS-e82: [mem 0x00000000fec00000x000000ec00fff] esrved
[   0.000000] BI-e20: [memx0000000fe00000-0x00000000fee00fff] reserved
[    0.000000] BIOS-e820: [mem 0x00000000fffc0000-0x00000000fffffff reserved[    0.000] NX (Execute Disable) protection: active

[   0000000] SMBIOS 2.5 present.
[    0.000000] Hypervisor detected: KVM
[    0.000000] e820: last_pfn = 0x3fff0 max_arch_pfn = 0x400000000
[    0.000000] MTRR: Disabled
[    0.000000] x86/PAT: MTRRs disabled, skipping PAT initialization too.
[    0.000000] CPU MTRRs all blank - virtualized system.
[    0.00000] x86/PAT: Configuration [0-7]: WB  WT  UC- UC  WB  WT  UC- UC 
  0.000000 fun SMP M-tbl at [mem 0x0009fff0-0x0009ffff]mapped at [ffff88000009fff0]
[    0.000000] Scanning 1 areas for low memory corruption
[    0.000000] RAMDISK: [mem 0x36a96000-0x37542fff]
[    0.000000] ACPI: Early table checksum verification disabled
[    0.000000] ACPI: RSDP 0x00000000000E0000 000024 (v02 VBOX )
[    0.000000] ACPI: XSDT 0x000000003FFF0030 0003C(v1 VBOX VBXXSDT 00001 ASL 000061)
[    0.000000] ACPI: FACP 0x0000003FF0F0000F(v4 VBOX   VBOXFACP 0000001ASL  0000061)
[    0.000000] ACPI: DSDT 0x000000003FFF047 0210F (v1 BO   VBOXBIOS 00000002 INTL 2100528)
[    000000] ACPI: FACS 0x000000003FFF02000040
[   0.000000] ACPI:FAS 00000003FFF0200 000040
[    0.000000]ACI: AP 0x000000003FFF0240 00005C (v02 VBOX   VBOXAPIC 00000001 ASL  00000061)
[    0.000000] APISSDT 0x000000003FFF02A0 0001CC (v01 VBOX   VBOXCPUT 00000002 INTL 20100528)
[    0.000000] No NUMA configuration found
[    0.000000] Faking a node at [mem 0x000000000000000-0x000000003fffff
[    00000] ODE_DAT(0 allocated [mem 0x3ffeb000-0x3ffeffff]
[   .00000]kv-cloc Uing mrs4b64d1 and 4b564d00
[  0000000] kvm-cloc: u 0, msr 0:3ffe3001, prar cpu lok
[   0.00000] kvm-clock: using sched offset of 4864376737 cycles
[    0.000000] clocksource: kvm-clock: mask: 0xfffffffffffffff m_ccles: 0x1cd42e4dfb, maxid_ns: 885959483 ns
[    0.000000] Zone ranges
   0.000000]   DMA      [mem 0x0000000001000-0x0000000000ffffff]
[    0.000000]   DMA32    [mem 0x00000000010000-x000000003ffeffff]
[    0.000000]   Normal   empty
[    0.000000]   Deice   empty
[    0.00000] Movae zone start fr ac node    0.000000] Early memory node anges
[   0.0000]  node  0 [mem 0x0000000000001000-0x000000000009efff]
[    0.000000]   node   0: [mem 0x000000000010000-0x00000003fefff]    0.0000] Initemseup node 0 [mem 0x0000000000001000-0x000000003ffeffff]
[    0.0000]ACI:PM-Tme I Port: 0x4008
[    00000] IOAPIC[]:apc_id , erion 3, address 0xfec00000, GSI 0-23
[    0.00000] ACPI: NT_SRC_OVR (bus 0 bus_irq 0 global_irq 2 dfl dfl)
[    0.000000] ACPI:IN_SRC_OVR (bus 0 bus_irq 9 global_irq 9 high level)
[    0.000000] Using ACPI (MADT) for SMP configuration information
[    0.000000] smpboot: Allowing 2 CPUs, 0 hotplug CPUs
[    0.000000] PM: Registered nosave memory: [mem 0x00000000-0x00000fff]
[    00000] PM: Registered nosave memory: [mem 0x0009f000-0x0009ffff]
[    .000] PM: Registered nosave memory: [mem 0x000a0000-0x000effff]
[    0.000000] PM: Registered nosave memory [mem 0x000f0000-0x000fffff]
[    0.000000] e820: [mem 0x40000000-0xfebfffff] available for PCI devices
[    0.000000] Booting paravirtualized kernel on KVM
[    0.000000] clocksource: refined-jiffies: mask: 0xffffffff max_cycles: 0xffffffff, max_idle_ns: 7645519600211568ns
[    0.000000] setup_percpu: NR_CPUS:512 nr_cpumask_bits:512 nr_cpu_ids:2 nr_node_ids:1
[   0.000000] PERCPU: Embedded 34 pages/cpu @ffff88003fc00000 s99544 r8192 d31528 u1048576
[    0.00000] PV qspinlock hash table entries: 256 (order: 0, 4096 bytes)
[    0.000000] Built1 zonelists in Node order, mobility grouping on.  Total pages: 257912
[    0.000000] Policy zone: DMA32
[    0.000000] Kernel command line: BOOT_IMAGE=/boot/vmlinuz-4.4.0-127-generic root=LABEL=cloudimg-rootfs ro console=tty1 console=ttyS0
[    0.000000] PID hash table entries: 4096 (order: 3, 32768 bytes)
[    0.000000] Memory: 1001588K/1048120K aailable (8537K kernel code, 1313K rwdata, 4000K rodata, 1512K init, 1316K bss, 46532K reserved, 0K cma-reserved)
[    0.000000] SLUB: HWalign=64, Order0-3, MinObjects=0, CPUs=2,Nodes=1
[  0.000000] Kernel/User page tables isolation: enabd
[    0.000000]Hierarchical RCU implementation.
[    0.000000] 	Build-time adjstment of leaf fanout to 64.
[    0.000000] 	RCU restricting CPUs from NR_CPUS=512 to nr_cpu_ids=2.
[    0.000000] RCU: Adjusting geometry for rcu_fanot_leaf=64, nr_cpu_ids=2
[    0.000000] NR_IRQS:33024 nr_irqs:440 16
[    0.000000] Console: colour VGA+ 80x25
[    0.000000] console [tty1] enabled
[    0.000000] console [ttyS0] enabled
[   0.000000] tsc: Detected 1599.999 MHz processor
[    6.938859] Calibrating delay loop (skipped) preset value.. 3199.99 BogoMIPS (lpj=6399996)
[    6.945634] pid_max: default: 32768 minimum: 301
[    6.961019] ACPI: Core revision 20150930
[    6.970884] ACPI: 2 ACPI AML tables successfully acquired and loaded
[    6.977370] Security Framework initialized
[    6.999624] Yama: becoming mindful.
[    7.009328] AppArmor: AppArmor initialized
[    7.020914] Dentry cache hash table entries: 131072 (order: 8, 1048576 bytes)
[    7.034902] Inode-cache hash table entries: 65536 (order: 7, 524288 bytes)
[    7.045633] Mount-cache hash table entries: 2048 (order: 2, 16384 bytes)
[    7.047687] Mountpoint-cache hash table entries: 2048 (order: 2, 16384 bytes)
[    7.065480] Initializing cgroup subsys io
[    7.077582] Initializing cgroup subsys memory
[    7.086619] Initializing cgroup subsys devices
[    7.093016] Initializing cgroup subsys freezer
[    7.095057] Initializing cgroup subsys net_cls
[    7.096560] Initializing cgroup subsys perf_event
[    7.098078] Initializing cgroup subsys net_prio
[    7.113140] Initializing cgroup subsys hugetlb
[    7.119104] Initializing cgroup subsys pids
[    7.128544] CPU: Physical Processor ID: 0
[    7.135819] CPU: Processor Core ID: 0
[    7.138421] mce: CPU supports 0 MCE banks
[    7.145395] Last level iTLB entries: 4KB 64, 2MB 8, 4MB 8
[    7.147088] Last level dTLB entries: 4KB 64, 2MB 0, 4MB 0, 1GB 4
[    7.154856] Spectre V2 : Mitigation: Full generic retpoline
[    7.157115] Spectre V2 : Speculation control IBPB not-supported IBRS not-supported
[    7.159561] Speculative Store Bypass: Vulnerable
[    7.169420] Freeing SMP alternatives memory: 32K
[    7.205071] ftrace: allocating 32237 entries in 126 pages
[    7.283245] smpboot: APIC(0) Converting physical 0 to logical package 0
[    7.288945] smpboot: Max logical packages: 1
[    7.304930] x2apic enabled
[    7.306296] Switched APIC routing to physical x2apic.
[    7.312333] ..TIMER: vector=0x30 apic1=0 pin1=2 apic2=-1 pin2=-1
[    7.420213] smpboot: CPU0: Intel(R) Core(TM) i5-5250U CPU @ 1.60GHz (family: 0x6, model: 0x3d, stepping: 0x4)
[    7.441385] Performance Events: unsupported p6 CPU model 61 no PMU driver, software events only.
[    7.451329] KVM setup paravirtual spinlock
[    7.469885] x86: Booting SMP configuration:
[    7.473966] .... node  #0, CPUs:      #1
[    7.488406] kvm-clock: cpu 1, msr 0:3ffe3041, secondary cpu clock
[    7.495296] mce: CPU supports 0 MCE banks
[    7.498332] x86: Booted up 1 node, 2 CPUs
[    7.499789] smpboot: Total of 2 processors activated (6399.99 BogoMIPS)
[    7.507869] devtmpfs: initialized
[    7.513000] evm: security.selinux
[    7.525418] evm: security.SMACK64
[    7.536423] evm: security.SMACK64EXEC
[    7.567360] evm: security.SMACK64TRANSMUTE
[    7.571840] evm: security.SMACK64MMAP
[    7.595245] evm: security.ima
[    7.604661] evm: security.capability
[    7.622379] clocksource: jiffies: mask: 0xffffffff max_cycles: 0xffffffff, max_idle_ns: 7645041785100000 ns
[    7.650894] futex hash table entries: 512 (order: 3, 32768 bytes)
[    7.692962] pinctrl core: initialized pinctrl subsystem
[    7.719859] RTC time: 21:17:25, date: 05/28/18
[    7.736227] NET: Registered protocol family 16
[    7.770089] cpuidle: using governor ladder
[    7.789703] cpuidle: using governor menu
[    7.794541] PCCT header not found.
[    7.797311] ACPI: bus type PCI registered
[    7.801747] acpiphp: ACPI Hot Plug PCI Controller Driver version: 0.5
[    7.814899] PCI: Using configuration type 1 for base access
[    7.835758] ACPI: Added _OSI(Module Device)
[    7.849993] ACPI: Added _OSI(Processor Device)
[    7.867940] ACPI: Added _OSI(3.0 _SCP Extensions)
[    7.873023] ACPI: Added _OSI(Processor Aggregator Device)
[    7.875718] ACPI: Executed 1 blocks of module-level executable AML code
[    7.893459] ACPI: Interpreter enabled
[    7.895599] ACPI: (supports S0 S5)
[    7.897060] ACPI: Using IOAPIC for interrupt routing
[    7.899865] PCI: Using host bridge windows from ACPI; if necessary, use "pci=nocrs" and report a bug
[    7.934900] ACPI: PCI Root Bridge [PCI0] (domain 0000 [bus 00-ff])
[    7.937342] acpi PNP0A03:00: _OSC: OS supports [ASPM ClockPM Segments MSI]
[    7.953675] acpi PNP0A03:00: _OSC failed (AE_NOT_FOUND); disabling ASPM
[    7.958146] acpi PNP0A03:00: fail to add MMCONFIG information, can't access extended PCI configuration space under this bridge.
[    7.974588] PCI host bridge to bus 0000:00
[    7.976150] pci_bus 0000:00: root bus resource [io  0x0000-0x0cf7 window]
[    7.981458] pci_bus 0000:00: root bus resource [io  0x0d00-0xffff window]
[    7.983714] pci_bus 0000:00: root bus resource [mem 0x000a0000-0x000bffff window]
[    7.986448] pci_bus 0000:00: root bus resource [mem 0x40000000-0xffdfffff window]
[    7.995888] pci_bus 0000:00: root bus resource [bus 00-ff]
[    8.002912] pci 0000:00:01.1: legacy IDE quirk: reg 0x10: [io  0x01f0-0x01f7]
[    8.010963] pci 0000:00:01.1: legacy IDE quirk: reg 0x14: [io  0x03f6]
[    8.019315] pci 0000:00:01.1: legacy IDE quirk: reg 0x18: [io  0x0170-0x0177]
[    8.038156] pci 0000:00:01.1: legacy IDE quirk: reg 0x1c: [io  0x0376]
[    8.098479] ACPI: PCI Interrupt Link [LNKA] (IRQs 5 9 10 *11)
[    8.107949] ACPI: PCI Interrupt Link [LNKB] (IRQs 5 9 10 *11)
[    8.120523] ACPI: PCI Interrupt Link [LNKC] (IRQs 5 9 *10 11)
[    8.138228] ACPI: PCI Interrupt Link [LNKD] (IRQs 5 *9 10 11)
[    8.148327] ACPI: Enabled 2 GPEs in block 00 to 07
[    8.153344] vgaarb: setting as boot device: PCI:0000:00:02.0
[    8.156180] vgaarb: device added: PCI:0000:00:02.0,decodes=io+mem,owns=io+mem,locks=none
[    8.161737] vgaarb: loaded
[    8.173779] vgaarb: bridge control possible 0000:00:02.0
[    8.178821] SCSI subsystem initialized
[    8.182197] ACPI: bus type USB registered
[    8.194076] usbcore: registered new interface driver usbfs
[    8.202103] usbcore: registered new interface driver hub
[    8.219208] usbcore: registered new device driver usb
[    8.227529] PCI: Using ACPI for IRQ routing
[    8.251836] NetLabel: Initializing
[    8.277517] NetLabel:  domain hash size = 128
[    8.305879] NetLabel:  protocols = UNLABELED CIPSOv4
[    8.307432] NetLabel:  unlabeled traffic allowed by default
[    8.309395] amd_nb: Cannot enumerate AMD northbridges
[    8.326942] clocksource: Switched to clocksource kvm-clock
[    8.366975] AppArmo: ppmor Filesystem Enabld[    8.533947] pp:nP ACPI init
[  86446] npPnACPI: found 3 devices

[   8.1177] ocsource: acpi_pm: mask: 0xffffff max_cycles: 0xffffff, max_idle_ns: 2085701024 ns
[   9.133438] NET: Registered protocol family 2

[    .15463] TCP established hash table entes81 (rder: , 556 yts)

[    9.581511] TCP bind hash table entries: 8192 (order: 5, 131072 bytes)
[  958641] TCP: Hash tables confurd estblshd 19 bind 8192)
[    9.933053] UDP hash table entries: 512 (order: 2, 16384 bytes)
[   .9326] UDP-Lite hash table entries: 512 (order: 2, 16384 bytes)
[   10.048694] NET: Registered protocl fmily 1[  0.167619 pci 0000:00:00.0: Limiting direct PCI/PC transfers
[   10.335392] pci 0000:00:0.0 Ativating ISA DMA hang workarounds
[  10429192] Unpacking initramfs...

[   12.998322] Freeingintrd memory: 1092K
[   1123646] RAPL PMU detected, APIunt  232Joes, 4 fixed counters 734140msovl imr[  13.703468] hw unit of domain pp0-core 2^-0 Joules

[   13.755342] hw unit of domain package 2^-0 Joules
[   13.756905] hw unit of domain dram 2^-0 Joules
[   13.758381] hw unit of domain pp1-gpu 2^-0 Joules
[   13.759894] platform rtc_cmos: registered platform RTC device (no PNP device found)
[   13.762536] Scanning for low memory corruption every 60 seconds
[   13.765003] audit: initializing netlink subsys (disabled)
[   13.766726] audit: type=2000 audit(1527542250.063:1): initialized
[   13.768700] Initialise system trusted keyring
[   13.770168] HugeTLB registered 2 MB page size, pre-allocated 0 pages
[   13.773720] zbud: loaded
[   13.775223] VFS: Disk quotas dquot_6.6.0
[   13.776576] VFS: Dquot-cache hash table entries: 512 (order 0, 4096 bytes)
[   13.779086] squashfs: version 4.0 (2009/01/31) Phillip Lougher
[   13.781789] fuse init (API version 7.23)
[   13.784477] Key type big_key registered
[   13.785590] Allocating IMA MOK and blacklist keyrings.
[   13.789155] Key type asymmetric registered
[   13.792371] Asymmetric key parser 'x509' registered
[   13.803069] Block layer SCSI generic (bsg) driver version 0.4 loaded (major 249)
[   13.837877] io scheduler noop registered
[   13.892966] io scheduler deadline registered (default)
[   13.921233] io scheduler cfq registered
[   13.922663] pci_hotplug: PCI Hot Plug PCI Core version: 0.5
[   13.924456] pciehp: PCI Express Hot Plug Controller Driver version: 0.4
[   13.926833] ACPI: AC Adapter [AC] (off-line)
[   13.968434] input: Power Button as /devices/LNXSYSTM:00/LNXPWRBN:00/input/input0
[   13.973109] ACPI: Power Button [PWRF]
[   13.974369] input: Sleep Button as /devices/LNXSYSTM:00/LNXSLPBN:00/input/input1
[   13.995947] ACPI: Sleep Button [SLPF]
[   14.014287] GHES: HEST is not enabled!
[   14.015600] ACPI: Battery Slot [BAT0] (battery present)
[   14.025905] Serial: 8250/16550 driver, 32 ports, IRQ sharing enabled
[  1.01329] 00:02: yS a IO 3f(i =, as_bd  1520)isa 55
[   14.78] sc: Refined TSC clocksource calibration: 1599.976 MHz

[   14.948216] clocksource: tsc: mask: 0xffffffffffffffff max_cycles: 0x17100e62328, max_idle_ns: 440795276166 ns
[   14.952008] Linux agpgart interface v0.103
[   14.962159] loop: module loaded
[   14.962879] scsi host0: ata_piix
[   14.963013] scsi host1: ata_piix
[   14.963060] ata1: PATA max UDMA/33 cmd 0x1f0 ctl 0x3f6 bmdma 0xd000 irq 14
[   14.963062] ata2: PATA max UDMA/33 cmd 0x170 ctl 0x376 bmdma 0xd008 irq 15
[   14.963167] libphy: Fixed MDIO Bus: probed
[   14.963170] tun: Universal TUN/TAP device driver, 1.6
[   14.963170] tun: (C) 1999-2004 Max Krasnyansky <maxk@qualcomm.com>
[   14.963530] PPP generic driver version 2.4.2
[   14.963588] ehci_hcd: USB 2.0 'Enhanced' Host Controller (EHCI) Driver
[   14.963592] ehci-pci: EHCI PCI platform driver
[   14.963609] ehci-platform: EHCI generic platform driver
[   14.963617] ohci_hcd: USB 1.1 'Open' Host Controller (OHCI) Driver
[   14.963622] ohci-pci: OHCI PCI platform driver
[   14.963631] ohci-platform: OHCI generic platform driver
[   14.963637] uhci_hcd: USB Universal Host Controller Interface driver
[   14.963694] i8042: PNP: PS/2 Controller [PNP0303:PS2K,PNP0f03:PS2M] at 0x60,0x64 irq 1,12
[   14.968200] serio: i8042 KBD port at 0x60,0x64 irq 1
[   14.968211] serio: i8042 AUX port at 0x60,0x64 irq 12
[   14.968441] mousedev: PS/2 mouse device common for all mice
[   14.969042] rtc_cmos rtc_cmos: rtc core: registered rtc_cmos as rtc0
[   14.969130] rtc_cmos rtc_cmos: alarms up to one day, 114 bytes nvram
[   14.969142] i2c /dev entries driver
[   14.969227] device-mapper: uevent: version 1.0.3
[   14.969314] device-mapper: ioctl: 4.34.0-ioctl (2015-10-28) initialised: dm-devel@redhat.com
[   14.969338] ledtrig-cpu: registered to indicate activity on CPUs
[   14.969759] NET: Registered protocol family 10
[   14.969955] NET: Registered protocol family 17
[   14.969968] Key type dns_resolver registered
[   14.971136] registered taskstats version 1
[   14.971160] Loading compiled-in X.509 certificates
[   14.972205] Loaded X.509 cert 'Build time autogenerated kernel key: 9f6f572a3ee0cb468eb8db4aa61815bc74ef6adb'
[   14.972234] zswap: loaded using pool lzo/zbud
[   14.974574] Key type trusted registered
[   14.979780] Key type encrypted registered
[   14.979789] AppArmor: AppArmor sha1 policy hashing enabled
[   14.979794] ima: No TPM chip found, activating TPM-bypass!
[   14.979822] evm: HMAC attrs: 0x1
[   14.980240]   Magic number: 2:48:299
[   14.982254] rtc_cmos rtc_cmos: setting system clock to 2018-05-28 21:17:32 UTC (1527542252)
[   14.982478] BIOS EDD facility v0.16 2004-Jun-25, 0 devices found
[   14.982479] EDD information not available.
[   15.117469] input: AT Translated Set 2 keyboard as /devices/platform/i8042/serio0/input/input2
[   16.123956] Freeing unused kernel memory: 1512K
[   16.141418] Write protecting the kernel read-only data: 14336k
[   16.144411] Freeing unused kernel memory: 1692K
[   16.151491] Freeing unused kernel memory: 96K
Loading, please wait...
starting version[   16.171360] random: systemd-udevd: uninitialized urandom read (16 bytes read, 7 bits of entropy available)
 229
[   16.172458] random: udevadm: uninitialized urandom read (16 bytes read, 7 bits of entropy available)
[   16.172500] random: udevadm: uninitialized urandom read (16 bytes read, 7 bits of entropy available)
[   16.194195] random: udevadm: uninitialized urandom read (16 bytes read, 7 bits of entropy available)
[   16.194286] random: udevadm: uninitialized urandom read (16 bytes read, 7 bits of entropy available)
[   16.194607] random: udevadm: uninitialized urandom read (16 bytes read, 7 bits of entropy available)
[   16.194729] random: udevadm: uninitialized urandom read (16 bytes read, 7 bits of entropy available)
[   16.194852] random: udevadm: uninitialized urandom read (16 bytes read, 7 bits of entropy available)
[   16.195042] random: udevadm: uninitialized urandom read (16 bytes read, 7 bits of entropy available)
[   16.195169] random: udevadm: uninitialized urandom read (16 bytes read, 7 bits of entropy available)
[   16.459401] e1000: Intel(R) PRO/1000 Network Driver - version 7.3.21-k8-NAPI
[   16.462301] e1000: Copyright (c) 1999-2006 Intel Corporation.
[   16.480229] Fusion MPT base driver 3.04.20
[   16.495512] Copyright (c) 1999-2008 LSI Corporation
[   16.508609] Fusion MPT SPI Host driver 3.04.20
[   16.532921] AVX version of gcm_enc/dec engaged.
[   16.535698] AES CTR mode by8 optimization enabled
[   16.741644] input: ImExPS/2 Generic Explorer Mouse as /devices/platform/i8042/serio1/input/input4
[   16.918378] e1000 0000:00:03.0 eth0: (PCI:33MHz:32-bit) 02:f0:aa:2d:49:f4
[   16.941634] e1000 0000:00:03.0 eth0: Intel(R) PRO/1000 Network Connection
[   16.949283] mptbase: ioc0: Initiating bringup
[   16.949778] e1000 0000:00:03.0 enp0s3: renamed from eth0
[   17.184165] ioc0: LSI53C1030 A0: Capabilities={Initiator}
[   18.504502] scsi host2: ioc0: LSI53C1030 A0, FwRev=00000000h, Ports=1, MaxQ=256, IRQ=20
[   19.719812] scsi 2:0:0:0: Direct-Access     VBOX     HARDDISK         1.0  PQ: 0 ANSI: 5
[   19.725382] scsi target2:0:0: Beginning Domain Validation
[   19.728733] scsi target2:0:0: Domain Validation skipping write tests
[   19.732807] scsi target2:0:0: Ending Domain Validation
[   19.734548] scsi target2:0:0: asynchronous
[   19.736859] scsi 2:0:1:0: Direct-Access     VBOX     HARDDISK         1.0  PQ: 0 ANSI: 5
[   19.972756] scsi target2:0:1: Beginning Domain Validation
[   20.132413] scsi target2:0:1: Domain Validation skipping write tests
[   21.796016] scsi target2:0:1: Ending Domain Validation
[   21.811984] scsi target2:0:1: asynchronous
[   21.865417] sd 2:0:0:0: Attached scsi generic sg0 type 0
[   21.867166] sd 2:0:0:0: [sda] 20971520 512-byte logical blocks: (10.7 GB/10.0 GiB)
[   21.933318] sd 2:0:1:0: [sdb] 20480 512-byte logical blocks: (10.5 MB/10.0 MiB)
[   21.948709] sd 2:0:1:0: Attached scsi generic sg1 type 0
[   21.960549] sd 2:0:1:0: [sdb] Write Protect is off
[   21.960602] sd 2:0:0:0: [sda] Write Protect is off
[   22.028901] sd 2:0:0:0: [sda] Incomplete mode parameter data
[   22.028913] sd 2:0:1:0: [sdb] Incomplete mode parameter data
[   22.028914] sd 2:0:1:0: [sdb] Assuming drive cache: write through
[   22.071197] sd 2:0:1:0: [sdb] Attached SCSI disk
[   22.080618] sd 2:0:0:0: [sda] Assuming drive cache: write through
[   22.086854]  sda: sda1
[   22.092699] sd 2:0:0:0: [sda] Attached SCSI disk
Begin: Loading e[   23.634328] md: linear personality registered for level -1
ssential drivers ... [   23.661669] md: multipath personality registered for level -4
[   23.697582] md: raid0 personality registered for level 0
[   23.732534] md: raid1 personality registered for level 1
[   23.823023] raid6: sse2x1   gen()  8161 MB/s
[   23.922961] raid6: sse2x1   xor()  5785 MB/s
[   24.035166] raid6: sse2x2   gen()  9588 MB/s
[   24.147151] raid6: sse2x2   xor()  6212 MB/s
[   24.247180] raid6: sse2x4   gen() 10500 MB/s
[   24.331145] raid6: sse2x4   xor()  7862 MB/s
[   24.370683] raid6: using algorithm sse2x4 gen() 10500 MB/s
[   24.381999] raid6: .... xor() 7862 MB/s, rmw enabled
[   24.397548] raid6: using ssse3x2 recovery algorithm
[   24.438627] xor: automatically using best checksumming function:
[   24.483466]    avx       : 15341.000 MB/sec
[   24.497367] async_tx: api initialized (async)
[   24.513731] md: raid6 personality registered for level 6
[   24.609186] md: raid5 personality registered for level 5
[   24.636459] md: raid4 personality registered for level 4
[   24.675137] md: raid10 personality registered for level 10
done.
Begin: Running /scripts/init-premount ... done.
Begin: Mounting root file system ... Begin: Running /scripts/local-top ... done.
Begin: Running /scripts/local-[   24.764025] Btrfs loaded
premount ... Scanning for Btrfs filesystems
done.
Warning: fsck not present, so skipping root file system
[   24.870634] EXT4-fs (sda1): mounted filesystem with ordered data mode. Opts: (null)
done.
Begin: Running /scripts/local-bottom ... done.
Begin: Running /scripts/init-bottom ... done.
[   25.292739] systemd[1]: systemd 229 running in system mode. (+PAM +AUDIT +SELINUX +IMA +APPARMOR +SMACK +SYSVINIT +UTMP +LIBCRYPTSETUP +GCRYPT +GNUTLS +ACL +XZ -LZ4 +SECCOMP +BLKID +ELFUTILS +KMOD -IDN)
[   25.420476] systemd[1]: Detected virtualization oracle.
[   25.471868] systemd[1]: Detected architecture x86-64.

Welcome to [1mUbuntu 16.04.4 LTS[0m!

[   25.540746] systemd[1]: Set hostname to <ubuntu>.
[   25.566828] systemd[1]: Initializing machine ID from random generator.
[   25.639198] systemd[1]: Installed transient /etc/machine-id file.
[  26.363388] systemd[1]: Listening on ude Krnel Socket.
[[0;32m  OK  [0m] Listening on udev Kernel Socket.
[  26.491583] systemd[1]: Created slice User and Session Slice.
[[0;32m  OK  [0m] Created slice User and Session Slice.
[   26.58204] systemd[1]: Reached target System Time Synchronized.
[[0;32m  OK  [0m] Reached target System Time Synchronized.
[ 26623649] systemd[1]: Listening on Journal Socket.
[[0;32m  OK  [0m] Listening on Journal Socket.
[   26.795690] systemd[]: Listening on LVM2 pl daemon socet.
[[0;32m  OK  [0m] Listening on LVM2 poll daemon socket.
[   27.126056] systemd[1]: Set uputomount Arbitry Executable Fi Formats File System Automount Point.
[[0;32m  OK  [0m] Set up automount Arbitrary Executab...ats File System Automount Point.
[  27.570177] sysmd1] Lstning on Jouraloct /dv/log
[[0;32m  OK  [0m] Listening on Journal Socket (/dev/log).
[   28.1650syemd[1]: Reached target Swap.
[[0;32m  OK  [0m] Reached target Swap.
[   28.283022] systemd[1]: Listening on Syslog Socket.
[[0;32m  OK  [0m] Listening on Syslog Socket.
[   28.286816] systemd[1]: Started Trigger resolvconf update for networkd DNS.
[[0;32m  OK  [0m] Started Trigger resolvconf update for networkd DNS.
[   28.291713] systemd[1]: Listening on Journal Audit Socket.
[[0;32m  OK  [0m] Listening on Journal Audit Socket.
[   28.25702] systemd[1]: Listening on LVM2 metadata daemon socket.
[[0;32m  OK  [0m] Listening on LVM2 metadata daemon socket.
[  2832558 systemd[]:Cratd slice System Slice.
[[0;32m  OK  [0m] Created slice System Slice.
[ 28.563187] random: nonblocking pool is iitalzed
[   28.731756] systemd[1]: Starting Load Kernel Modules...
         Starting Load Kernel Modules...[   28.784000] Loading iSCSI transport class v2.0-870.

[   28.902348] iscsi: registered transport (tcp)
[   28.903425] systemd[1]: Starting Set console keymap...
         Starting Set console keymap...
[   29.119201] systemd[1]: Starting Remount Root and Kernel File Systems...
         Starting Remount Root and Kernel File Systems...
[   29.127611] systemd[1]: Starting Create list of required static device nodes for the current kernel...
         Starting Create list of required st... nodes for the current kernel...
[   29.140171] systemd[1]: Starting Uncomplicated firewall...
         [   29.167100] EXT4-fs (sda1): re-mounted. Opts: (null)
Starting Uncompl[   29.172117] iscsi: registered transport (iser)
icated firewall...
[   29.188286] systemd[1]: Created slice system-serial\x2dgetty.slice.
[[0;32m  OK  [0m] Created slice system-serial\x2dgetty.slice.
[ 290839 systemd[1]: Listening on Device-mapper event daemon FIFOs.
[[0;32m  OK  [0m] Listening on Device-mapper event daemon FIFOs.
[   29.872312] systemd[1]: Reached target Encrypted Volumes.
[[0;32m  OK  [0m] Reached target Encrypted Volumes.
[   29.939536] systemd[1]: Mounting Debug File System...
         Mounting Debug File System...
[   29.980336] systemd[1]: Mounting Huge Pages File System...
         Mounting Huge Pages File System...
[   29.992068] systemd[1]: Starting Journal Service...
         Starting Journal Service...
[   30.006478] systemd[1]: Reached target User and Group Name Lookups.
[[0;32m  OK  [0m] Reached target User and Group Name Lookups.
[   30.035291] systemd[1]: Starting Nameserver information manager...
         Starting Nameserver information manager...
[   30.047896] systemd[1]: Listening on udev Control Socket.
[[0;32m  OK  [0m] Listening on udev Control Socket.
[   30.053093] systemd[1]: Listening on /dev/initctl Compatibility Named Pipe.
[[0;32m  OK  [0m] Listening on /dev/initctl Compatibility Named Pipe.
[   3.1385] sstem1] Racedtarget Slices.
[[0;32m  OK  [0m] Reached target Slices.
[ 30.583599] systemd[1]: Started Forward Password Requests to Wall Directory Watch.

[[0;32m  OK  [0m] Started Forward Password Requests to Wall Directory Watch.
[   30.655667] systemd[1]: Mounting POSIX Message Queue File System...
         Mounting POSIX Message Queue File System...
[   30.668861] systemd[1]: Starting Monitoring of LVM2 mirrors, snapshots etc. using dmeventd or progress polling...
         Starting Monitoring of LVM2 mirrors... dmeventd or progress polling...
[   30.734108] systemd[1]: Mounted Huge Pages File System.
[[0;32m  OK  [0m] Mounted Huge Pages File System.
[   30.803843] systemd[1]: Mounted Debug File System.
[[0;32m  OK  [0m] Mounted Debug File System.
[ 30.859815] systemd[1]: Mounted POSIX Message Queue File System.
[[0;32m  OK  [0m] Mounted POSIX Message Queue File System.
[ 3113604syted[]:Strtd urnal Service.
[[0;32m  OK  [0m] Started Journal Service.
[[0;32m  OK  [0m] Started Load Kernel Modules.
[[0;32m  OK  [0m] Started Set console keymap.
[[0;32m  OK  [0m] Started Remount Root and Kernel File Systems.
[[0;32m  OK  [0m] Started Create list of required sta...ce nodes for the current kernel.
[[0;32m  OK  [0m] Started Uncomplicated firewall.
[[0;32m  OK  [0m] Started Nameserver information manager.
[[0;32m  OK  [0m] Started LVM2 metadata daemon.
         Starting Create Static Device Nodes in /dev...
         Starting Load/Save Random Seed...
         Starting udev Coldplug all Devices...
         Mounting FUSE Control File System...
         Starting Apply Kernel Variables...
         Starting Flush Journal to Persistent Storage...
[[0;32m  OK  [0m] Mounted FUSE Control File System.
[[0;32m  OK  [0m] Started Create Static Device Nodes in /dev.
[[0;32m  OK  [0m] Started Monitoring of LVM2 mirrors,...ng dmeventd or progress polling.
[[0;32m  OK  [0m] Started Load/Save Random Seed.
[[0;32m  OK  [0m] Started Apply Kernel Variables.
[[0;32m  OK  [0m] Started udev Coldplug all Devices.
[[0;32m  OK  [0m] Started Flush Journal to Persistent Storage.
         Starting udev Kernel Device Manager...
[[0;32m  OK  [0m] Started udev Kernel Device Manager.
[[0;32m  OK  [0m] Started Dispatch Password Requests to Console Directory Watch.
[[0;32m  OK  [0m] Reached target Local File Systems (Pre).
[[0;32m  OK  [0m] Reached target Local File Systems.
         Starting LSB: AppArmor initialization...
         Starting Commit a transient machine-id on disk...
         Starting Tell Plymouth To Write Out Runtime Data...
         Starting Set console font and keymap...
         Starting Initial cloud-init job (pre-networking)...
         Starting Create Volatile Files and Directories...
[[0;32m  OK  [0m] Started Commit a transient machine-id on disk.
[[0;32m  OK  [0m] Started Tell Plymouth To Write Out Runtime Data.
[[0;32m  OK  [0m] Started Create Volatile Files and Directories.
[[0;32m  OK  [0m] Found device /dev/ttyS0.
         Starting Update UTMP about System Boot/Shutdown...
[[0;32m  OK  [0m] Started Update UTMP about System Boot/Shutdown.
[[0;32m  OK  [0m] Listening on Load/Save RF Kill Switch Status /dev/rfkill Watch.
[[0;32m  OK  [0m] Started LSB: AppArmor initialization.
[[0;32m  OK  [0m] Started Set console font and keymap.
[[0;32m  OK  [0m] Created slice system-getty.slice.
[   28.149069] cloud-init[488]: Cloud-init v. 18.2 running 'init-local' at Mon, 28 May 2018 21:17:52 +0000. Up 27.57 seconds.
[[0;32m  OK  [0m] Started Initial cloud-init job (pre-networking).
[[0;32m  OK  [0m] Reached target Network (Pre).
         Starting Raise network interfaces...
[[0;32m  OK  [0m] Started Raise network interfaces.
         Starting Initial cloud-init job (metadata service crawler)...
[[0;32m  OK  [0m] Reached target Network.
[   30.219306] cloud-init[959]: Cloud-init v. 18.2 running 'init' at Mon, 28 May 2018 21:17:54 +0000. Up 29.11 seconds.
[   30.268171] cloud-init[959]: ci-info: +++++++++++++++++++++++++++++++++++++Net device info++++++++++++++++++++++++++++++++++++++
[   30.288951] [cloud-init[0;32m  OK  [0m[959]: ] ci-info: +--------+------+----------------------------+---------------+-------+-------------------+Started Initial cloud-init job (metadata service crawler).

[   30.289698] cloud-init[959]: ci-info: | Device |  Up  |          Address           |      Mask     | Scope |     Hw-Address    |[[0;32m  OK  [0m] Reached target Cloud-config availability.
[[0;32m  OK  [0m] Reached target System Initialization.

[   30.330816] [cloud-init[0;32m  OK  [0m[959]: ] ci-info: +--------+------+----------------------------+---------------+-------+-------------------+Started Daily apt download activities.

[   30.454817]          cloud-initStarting Socket activation for snappy daemon.[959]: 
ci-info: | enp0s3 | True |         10.0.2.15          | 255.255.255.0 |   .   | 02:f0:aa:2d:49:f4 |
[   30.531001] [cloud-init[0;32m  OK  [0m[959]: ] ci-info: | enp0s3 | True | fe80::f0:aaff:fe2d:49f4/64 |       .       |  link | 02:f0:aa:2d:49:f4 |Started Daily apt upgrade and clean activities.

[   30.531772] [[0;32m  OK  [0m] Started Daily Cleanup of Temporary Directories.
[[0;32m  OK  [0m] Reached target Timers.
cloud-init[959]: ci-info: |   lo   | True |         127.0.0.1          |   255.0.0.0   |   .   |         .         |
[   30.761054] [cloud-init[0;32m  OK  [0m[959]: ] ci-info: |   lo   | True |          ::1/128           |       .       |  host |         .         |Started ACPI Events Check.

[[0;32m  OK  [0m] Reached target Paths.
[   30.762124] cloud-init[959]: ci-info: +--------+------+----------------------------+---------------+-------+-------------------+
[   30.989157]          cloud-initStarting LXD - unix socket.[959]: 
ci-info: +++++++++++++++++++++++++++Route IPv4 info++++++++++++++++++++++++++++
[   31.037170] [[0;32m  OK  [0m] Listening on D-Bus System Message Bus Socket.
[[0;32m  OK  [0m] Listening on UUID daemon activation socket.
[[0;32m  OK  [0m] Listening on ACPID Listen Socket.
cloud-init[959]: ci-info: +-------+-------------+----------+---------------+-----------+-------+
[[0;32m  OK  [0m] Reached target Network is Online.
[   31.039514] cloud-init[959]: ci-info: | Route | Destination | Gateway  |    Genmask    | Interface | Flags |
[   31.196465]          Starting iSCSI initiator daemon (iscsid)...
[[0;32m  OK  [0m] Listening on Socket activation for snappy daemon.
[[0;32m  OK  [0m] Listening on LXD - unix socket.
cloud-init[959]: ci-info: +-------+-------------+----------+---------------+-----------+-------+
[   31.293655] [[0;32m  OK  [0m] Reached target Sockets.
[cloud-init[0;32m  OK  [0m[959]: ] ci-info: |   0   |   0.0.0.0   | 10.0.2.2 |    0.0.0.0    |   enp0s3  |   UG  |Reached target Basic System.

[   31.295892] cloud-init[959]: ci-info: |   1   |   10.0.2.0  | 0.0.0.0  | 255.255.255.0 |   enp0s3  |   U   |
[   31.484444] [cloud-init[0;32m  OK  [0m[959]: ] ci-info: +-------+-------------+----------+---------------+-----------+-------+Started FUSE filesystem for LXC.

[   31.485879] cloud-init[959]: Generating public/private rsa key pair.
[   31.516750] cloud-init[959]: Your identification has been saved in /etc/ssh/ssh_host_rsa_key.
[   31.544468]          cloud-initStarting LXD - container startup/shutdown...[959]: 
Your public key has been saved in /etc/ssh/ssh_host_rsa_key.pub.
[   31.632739] cloud-init[959]: The key fingerprint is:
[[0;32m  OK  [0m] Started ACPI event daemon.
[   31.633694] cloud-init[959]: SHA256:wcgSoGG44wW7bG/NTGQR+yb3OrKqzkmeWewo7pWUwn8 root@ubuntu-xenial
[   31.748429] [cloud-init[0;32m  OK  [0m[959]: ] The key's randomart image is:Started D-Bus System Message Bus.

[   31.749715] cloud-init[959]: +---[RSA 2048]----+
[   31.802654] cloud-init[959]: |o......          |
[   31.806438] cloud-init[959]: |o+   +.o         |
[   31.834356]          cloud-initStarting LSB: MD monitoring daemon...[959]: 
|..o ..+ o        |
[   31.854700]          cloud-initStarting Login Service...[959]: 
|+. ..+.  .       |
[   31.881639] cloud-init[959]: |o+ooo. +S        |
         Starting Pollinate to seed the pseudo random number generator...
[   31.882047] cloud-init[959]: | == ..+ .        |
[   31.976521] cloud-init[959]: |...*=E   .       |
[[0;32m  OK  [0m] Started Unattended Upgrades Shutdown.
[   31.976852] cloud-init[959]: |= Oo.= ..        |
[   31.986621] cloud-init[959]: |=%oo..o..        |
[   31.996554] cloud-init[959]: +----[SHA256]-----+
[   31.996945]          cloud-initStarting Apply the settings specified in cloud-config...[959]: 
Generating public/private dsa key pair.
[   31.997716] cloud-init[959]: Your identification has been saved in /etc/ssh/ssh_host_dsa_key.
[   32.064163] cloud-init[959]: Your public key has been saved in /etc/ssh/ssh_host_dsa_key.pub.
[   32.064625] cloud-init[959]: The key fingerprint is:
[[0;32m  OK  [0m] Started Regular background program processing daemon.
[   32.064881] cloud-init[959]: SHA256:fr1yqY7MN2pkIn1SNvH0QhNxibv4C+KSD9SjwdADLwI root@ubuntu-xenial
[   32.093417] cloud-init[959]: The key's randomart image is:
[   32.093848] cloud-init[959]: +---[DSA 1024]----+
         Starting LSB: Record successful boot for GRUB...
[   32.094106] cloud-init[959]: |E .       o+..   |
[   32.120462] cloud-init[959]: |.  +    . =..    |
[   32.121083] cloud-init[959]: |. o +    = +     |
         Starting System Logging Service...
[   32.121266] cloud-init[959]: | . + o  + + .    |
         Starting Accounts Service...
[   32.271612] cloud-init[959]: |    +.ooSo o     |
[[0;32m  OK  [0m] Started Deferred execution scheduler.
[   32.290761] cloud-init[959]: |   ..o+o= ..     |
         Starting Virtualbox guest utils...
[   32.361943] cloud-init[959]: |    oo.*o.. ..   |
         Starting /etc/rc.local Compatibility...
[   32.404004] cloud-init[959]: |    oo +.+= o.   |
[   32.422266]          cloud-initStarting Snappy daemon...[959]: 
|     oo.=++*.    |
[[0;32m  OK  [0m] Started System Logging Service.
[[0;32m  OK  [0m] Started iSCSI initiator daemon (iscsid).
[[0;32m  OK  [0m] Started LXD - container startup/shutdown.
[[0;32m  OK  [0m] Started /etc/rc.local Compatibility.
[   32.441615] cloud-init[959]: +----[SHA256]-----+
[   32.613121] cloud-init[959]: Generating public/private ecdsa key pair.
[   32.628256] cloud-init[959]: Your identification has been saved in /etc/ssh/ssh_host_ecdsa_key.
[   32.633884] cloud-init[959]: Your public key has been saved in /etc/ssh/ssh_host_ecdsa_key.pub.
[   32.652391] cloud-init[959]: The key fingerprint is:
[[0;32m  OK  [0m] Started LSB: MD monitoring daemon.
[[0;32m  OK  [0m] Started LSB: Record successful boot for GRUB.
[[0;32m  OK  [0m] Started Snappy daemon.
[   32.690990] [cloud-init[0;32m  OK  [0m[959]: ] SHA256:a4JZVWWOEmBlqmQpXzIzoMUhBg86pq18HEw11wAP+5Y root@ubuntu-xenialStarted Login Service.

[[0;32m  OK  [0m] Started Virtualbox guest utils.
[   32.756254] cloud-init[959]: The key's randomart image is:
[   32.967120]          cloud-initStarting Authenticate and Authorize Users to Run Privileged Tasks...[959]: 
+---[ECDSA 256]---+
[   32.999075] cloud-init[959]: |=o+. =+=* ..o    |
         Starting Login to default iSCSI targets...
[[0;32m  OK  [0m] Started Pollinate to seed the pseudo random number generator.
[[0;32m  OK  [0m] Started Authenticate and Authorize Users to Run Privileged Tasks.
[[0;32m  OK  [0m] Started Accounts Service.
[   33.040192] cloud-init[959]: |o*...o*o + +     |
[   33.160473] cloud-init[959]: |+.o.O.o.o . .    |
         Starting OpenBSD Secure Shell server...
[[0;32m  OK  [0m] Started OpenBSD Secure Shell server.
[   33.168755] cloud-init[959]: |ooo= B....       |
[   33.284218] cloud-init[959]: |. .oo .ES        |
[   33.288813] cloud-init[959]: |... .+.  .       |
[   33.292184] cloud-init[959]: |.. oo . o        |
[   33.328365] cloud-init[959]: |  .    o         |
[   33.328531] cloud-init[959]: |                 |
[   33.328748] cloud-init[959]: +----[SHA256]-----+
[   33.328854] cloud-init[959]: Generating public/private ed25519 key pair.
[   33.328953] cloud-init[959]: Your identification has been saved in /etc/ssh/ssh_host_ed25519_key.
[   33.329063] cloud-init[959]: Your public key has been saved in /etc/ssh/ssh_host_ed25519_key.pub.
[   33.329159] cloud-init[959]: The key fingerprint is:
[   33.329304] cloud-init[959]: SHA256:LoFURFNcVCs4aSNC2d+BCkvH6B90X0wUUlfzTgqsQ5o root@ubuntu-xenial
[   33.329408] cloud-init[959]: The key's randomart image is:
[[0;32m  OK  [0m] Started Login to default iSCSI targets.
[[0;32m  OK  [0m] Reached target Remote File Systems (Pre).
[[0;32m  OK  [0m] Reached target Remote File Systems.
[   33.329527] cloud-init[959]: +--[ED25519 256]--+
         Starting LSB: automatic crash report generation...
[   33.903402] cloud-init[959]: |    .B=o.++**..o.|
[   33.961746]          Starting LSB: Set the CPU Frequency Scaling governor to "ondemand"...
cloud-init[959]: |   .=.=.+o.ooo  o|
[   33.998637]          cloud-initStarting Permit User Sessions...[959]: 
|   oo=.+*ooo+   o|
[   34.021382]          cloud-initStarting LSB: daemon to balance interrupts for SMP systems...[959]: 
|   .oooo.*oo . + |
[[0;32m  OK  [0m[   34.035288] ] cloud-initStarted Permit User Sessions.[959]: 
|    ....E o   . .|
[   34.037738] cloud-init[959]: |      .o   .     |
[   34.072986] cloud-init[959]: |      . .        |
[   34.120597] cloud-init[959]: |       .         |
[[0;32m  OK  [0m] Started LSB: automatic crash report generation.
[   34.122439] cloud-init[959]: |                 |
[   34.200882] cloud-init[959]: +----[SHA256]-----+
[[0;32m  OK  [0m] Started LSB: Set the CPU Frequency Scaling governor to "ondemand".
[[   34.210097] cloud-init[1102]: Generating locales (this might take a while)...
[   34.269905] cloud-init[1102]:   en_US.UTF-8... done
[0;32m  OK  [0m] Started LSB: daemon to balance interrupts for SMP systems.
[   34.271093] cloud-init[1102]: Generation complete.
         Starting Terminate Plymouth Boot Screen...
         Starting Hold until boot process finishes up...
[[0;32m  OK  [0m] Started Terminate Plymouth Boot Screen.
[[0;32m  OK  [0m] Started Hold until boot process finishes up.
[[0;32m  OK  [0m] Started Serial Getty on ttyS0.
[[0;32m  OK  [0m] Started Getty on tty1.
[[0;32m  OK  [0m] Reached target Login Prompts.
         Starting Set console scheme...
[[0;32m  OK  [0m] Reached target Multi-User System.
[[0;32m  OK  [0m] Reached target Graphical Interface.
         Starting Update UTMP about System Runlevel Changes...
[[0;32m  OK  [0m] Started Set console scheme.
[[0;32m  OK  [0m] Started Update UTMP about System Runlevel Changes.
[[0;32m  OK  [0m] Created slice User Slice of vagrant.
         Starting User Manager for UID 1000...
[[0;32m  OK  [0m] Started Session 1 of user vagrant.
[[0;32m  OK  [0m] Started User Manager for UID 1000.
         Stopping User Manager for UID 1000...
[[0;32m  OK  [0m] Stopped User Manager for UID 1000.
[[0;32m  OK  [0m] Removed slice User Slice of vagrant.
[[0;32m  OK  [0m] Created slice User Slice of vagrant.
         Starting User Manager for UID 1000...
[[0;32m  OK  [0m] Started User Manager for UID 1000.
[[0;32m  OK  [0m] Started Session 2 of user vagrant.

Ubuntu 16.04.4 LTS ubuntu-xenial ttyS0

ubuntu-xenial login: [   65.434010] cloud-init[1102]: Cloud-init v. 18.2 running 'modules:config' at Mon, 28 May 2018 21:17:57 +0000. Up 32.38 seconds.
ci-info: no authorized ssh keys fingerprints found for user ubuntu.
<14>May 28 21:18:31 ec2: 
<14>May 28 21:18:31 ec2: #############################################################
<14>May 28 21:18:31 ec2: -----BEGIN SSH HOST KEY FINGERPRINTS-----
<14>May 28 21:18:31 ec2: 1024 SHA256:fr1yqY7MN2pkIn1SNvH0QhNxibv4C+KSD9SjwdADLwI root@ubuntu-xenial (DSA)
<14>May 28 21:18:31 ec2: 256 SHA256:a4JZVWWOEmBlqmQpXzIzoMUhBg86pq18HEw11wAP+5Y root@ubuntu-xenial (ECDSA)
<14>May 28 21:18:31 ec2: 256 SHA256:LoFURFNcVCs4aSNC2d+BCkvH6B90X0wUUlfzTgqsQ5o root@ubuntu-xenial (ED25519)
<14>May 28 21:18:31 ec2: 2048 SHA256:wcgSoGG44wW7bG/NTGQR+yb3OrKqzkmeWewo7pWUwn8 root@ubuntu-xenial (RSA)
<14>May 28 21:18:31 ec2: -----END SSH HOST KEY FINGERPRINTS-----
<14>May 28 21:18:31 ec2: #############################################################
-----BEGIN SSH HOST KEY KEYS-----
ecdsa-sha2-nistp256 AAAAE2VjZHNhLXNoYTItbmlzdHAyNTYAAAAIbmlzdHAyNTYAAABBBGr1VK2OmMp5mMSCwWgb1FrGgx7kD+8Sv9YazUFhuQQjsG1zkh2Rx2Ijd8BhMNG2odT/LQOd6xa2pZZuySSFTxY= root@ubuntu-xenial
ssh-ed25519 AAAAC3NzaC1lZDI1NTE5AAAAIMkFyClb9OAf9bV2SmIBhphtrIytpXAPMrOvDj9YBKZs root@ubuntu-xenial
ssh-rsa AAAAB3NzaC1yc2EAAAADAQABAAABAQDULdBc7WYZd5jgF0IS3WLn6fAr7lHDPjd02+WknfVjCmBLplMhOeY2yGymCx5xU4irkulxPLdznbEw6NaOjB1XJwpTXCYbLQrjz0BbinfXN67irGqkLTiKwE41mHu9LoDixgTcJstXkNvpAFwYkMhYOXxsaqxEWFZ2/6lgYCHDNuDtVmYcDTcvzrMl9P4wjrTXhr7YyX19bypeJP/6YI6knJ7GvZ47WjgzNQu4MX80DveDSzy/8Ss4PGtLoQbvbduLcDeseYRq1haJZ1kiFsUIgtW/duZd5Bv2vDPruh9jV7VA52XHl8/yLTagYAzd9YxDuVzpSgx4VGqYcZkhvKWz root@ubuntu-xenial
-----END SSH HOST KEY KEYS-----
[   66.282447] cloud-init[1870]: Cloud-init v. 18.2 running 'modules:final' at Mon, 28 May 2018 21:18:31 +0000. Up 65.99 seconds.
[   66.282733] cloud-init[1870]: ci-info: no authorized ssh keys fingerprints found for user ubuntu.
[   66.282929] cloud-init[1870]: Cloud-init v. 18.2 finished at Mon, 28 May 2018 21:18:31 +0000. Datasource DataSourceNoCloud [seed=/dev/sdb][dsmode=net].  Up 66.26 seconds
